
> upworkbold@1.0.0 test
> react-scripts test

  console.error
    Warning: `ReactDOMTestUtils.act` is deprecated in favor of `React.act`. Import `act` from `react` instead of `react-dom/test-utils`. See https://react.dev/warnings/react-dom-test-utils for more info.

    [0m [90m 4 |[39m
     [90m 5 |[39m test([32m'renders UpworkBold navbar brand'[39m[33m,[39m () [33m=>[39m {
    [31m[1m>[22m[39m[90m 6 |[39m   render(
     [90m   |[39m         [31m[1m^[22m[39m
     [90m 7 |[39m     [33m<[39m[33mBrowserRouter[39m[33m>[39m
     [90m 8 |[39m       [33m<[39m[33mApp[39m [33m/[39m[33m>[39m
     [90m 9 |[39m     [33m<[39m[33m/[39m[33mBrowserRouter[39m[33m>[39m[0m

      at printWarning (node_modules/react-dom/cjs/react-dom-test-utils.development.js:71:30)
      at error (node_modules/react-dom/cjs/react-dom-test-utils.development.js:45:7)
      at actWithWarning (node_modules/react-dom/cjs/react-dom-test-utils.development.js:1736:7)
      at node_modules/@testing-library/react/dist/act-compat.js:63:25
      at renderRoot (node_modules/@testing-library/react/dist/pure.js:159:26)
      at render (node_modules/@testing-library/react/dist/pure.js:246:10)
      at Object.<anonymous> (src/App.test.js:6:9)
      at TestScheduler.scheduleTests (node_modules/@jest/core/build/TestScheduler.js:333:13)
      at runJest (node_modules/@jest/core/build/runJest.js:404:19)
      at _run10000 (node_modules/@jest/core/build/cli/index.js:320:7)
      at runCLI (node_modules/@jest/core/build/cli/index.js:173:3)

  console.error
    Error: Uncaught [Error: You cannot render a <Router> inside another <Router>. You should never have more than one in your app.]
        at reportException (C:\Users\AZEEM\Desktop\textutils\node_modules\jsdom\lib\jsdom\living\helpers\runtime-script-errors.js:66:24)
        at innerInvokeEventListeners (C:\Users\AZEEM\Desktop\textutils\node_modules\jsdom\lib\jsdom\living\events\EventTarget-impl.js:341:9)
        at invokeEventListeners (C:\Users\AZEEM\Desktop\textutils\node_modules\jsdom\lib\jsdom\living\events\EventTarget-impl.js:274:3)
        at HTMLUnknownElementImpl._dispatch (C:\Users\AZEEM\Desktop\textutils\node_modules\jsdom\lib\jsdom\living\events\EventTarget-impl.js:221:9)
        at HTMLUnknownElementImpl.dispatchEvent (C:\Users\AZEEM\Desktop\textutils\node_modules\jsdom\lib\jsdom\living\events\EventTarget-impl.js:94:17)
        at HTMLUnknownElement.dispatchEvent (C:\Users\AZEEM\Desktop\textutils\node_modules\jsdom\lib\jsdom\living\generated\EventTarget.js:231:34)
        at Object.invokeGuardedCallbackDev (C:\Users\AZEEM\Desktop\textutils\node_modules\react-dom\cjs\react-dom.development.js:4213:16)
        at invokeGuardedCallback (C:\Users\AZEEM\Desktop\textutils\node_modules\react-dom\cjs\react-dom.development.js:4277:31)
        at beginWork$1 (C:\Users\AZEEM\Desktop\textutils\node_modules\react-dom\cjs\react-dom.development.js:27490:7)
        at performUnitOfWork (C:\Users\AZEEM\Desktop\textutils\node_modules\react-dom\cjs\react-dom.development.js:26599:12)
        at workLoopSync (C:\Users\AZEEM\Desktop\textutils\node_modules\react-dom\cjs\react-dom.development.js:26505:5)
        at renderRootSync (C:\Users\AZEEM\Desktop\textutils\node_modules\react-dom\cjs\react-dom.development.js:26473:7)
        at performConcurrentWorkOnRoot (C:\Users\AZEEM\Desktop\textutils\node_modules\react-dom\cjs\react-dom.development.js:25777:74)
        at flushActQueue (C:\Users\AZEEM\Desktop\textutils\node_modules\react\cjs\react.development.js:2667:24)
        at act (C:\Users\AZEEM\Desktop\textutils\node_modules\react\cjs\react.development.js:2582:11)
        at actWithWarning (C:\Users\AZEEM\Desktop\textutils\node_modules\react-dom\cjs\react-dom-test-utils.development.js:1740:10)
        at C:\Users\AZEEM\Desktop\textutils\node_modules\@testing-library\react\dist\act-compat.js:63:25
        at renderRoot (C:\Users\AZEEM\Desktop\textutils\node_modules\@testing-library\react\dist\pure.js:159:26)
        at render (C:\Users\AZEEM\Desktop\textutils\node_modules\@testing-library\react\dist\pure.js:246:10)
        at Object.<anonymous> (C:\Users\AZEEM\Desktop\textutils\src\App.test.js:6:9)
        at Promise.then.completed (C:\Users\AZEEM\Desktop\textutils\node_modules\jest-circus\build\utils.js:391:28)
        at new Promise (<anonymous>)
        at callAsyncCircusFn (C:\Users\AZEEM\Desktop\textutils\node_modules\jest-circus\build\utils.js:316:10)
        at _callCircusTest (C:\Users\AZEEM\Desktop\textutils\node_modules\jest-circus\build\run.js:218:40)
        at _runTest (C:\Users\AZEEM\Desktop\textutils\node_modules\jest-circus\build\run.js:155:3)
        at _runTestsForDescribeBlock (C:\Users\AZEEM\Desktop\textutils\node_modules\jest-circus\build\run.js:66:9)
        at run (C:\Users\AZEEM\Desktop\textutils\node_modules\jest-circus\build\run.js:25:3)
        at runAndTransformResultsToJestFormat (C:\Users\AZEEM\Desktop\textutils\node_modules\jest-circus\build\legacy-code-todo-rewrite\jestAdapterInit.js:170:21)
        at jestAdapter (C:\Users\AZEEM\Desktop\textutils\node_modules\jest-circus\build\legacy-code-todo-rewrite\jestAdapter.js:82:19)
        at runTestInternal (C:\Users\AZEEM\Desktop\textutils\node_modules\jest-runner\build\runTest.js:389:16)
        at runTest (C:\Users\AZEEM\Desktop\textutils\node_modules\jest-runner\build\runTest.js:475:34)
        at TestRunner.runTests (C:\Users\AZEEM\Desktop\textutils\node_modules\jest-runner\build\index.js:101:12)
        at TestScheduler.scheduleTests (C:\Users\AZEEM\Desktop\textutils\node_modules\@jest\core\build\TestScheduler.js:333:13)
        at runJest (C:\Users\AZEEM\Desktop\textutils\node_modules\@jest\core\build\runJest.js:404:19)
        at _run10000 (C:\Users\AZEEM\Desktop\textutils\node_modules\@jest\core\build\cli\index.js:320:7)
        at runCLI (C:\Users\AZEEM\Desktop\textutils\node_modules\@jest\core\build\cli\index.js:173:3)
        at Object.run (C:\Users\AZEEM\Desktop\textutils\node_modules\jest-cli\build\cli\index.js:155:37) Error: You cannot render a <Router> inside another <Router>. You should never have more than one in your app.
        at Object.invariant [as UNSAFE_invariant] (C:\Users\AZEEM\Desktop\textutils\node_modules\@remix-run\router\history.ts:494:11)
        at Router (C:\Users\AZEEM\Desktop\textutils\node_modules\react-router\lib\components.tsx:429:3)
        at renderWithHooks (C:\Users\AZEEM\Desktop\textutils\node_modules\react-dom\cjs\react-dom.development.js:15486:18)
        at mountIndeterminateComponent (C:\Users\AZEEM\Desktop\textutils\node_modules\react-dom\cjs\react-dom.development.js:20103:13)
        at beginWork (C:\Users\AZEEM\Desktop\textutils\node_modules\react-dom\cjs\react-dom.development.js:21626:16)
        at HTMLUnknownElement.callCallback (C:\Users\AZEEM\Desktop\textutils\node_modules\react-dom\cjs\react-dom.development.js:4164:14)
        at HTMLUnknownElement.callTheUserObjectsOperation (C:\Users\AZEEM\Desktop\textutils\node_modules\jsdom\lib\jsdom\living\generated\EventListener.js:26:30)
        at innerInvokeEventListeners (C:\Users\AZEEM\Desktop\textutils\node_modules\jsdom\lib\jsdom\living\events\EventTarget-impl.js:338:25)
        at invokeEventListeners (C:\Users\AZEEM\Desktop\textutils\node_modules\jsdom\lib\jsdom\living\events\EventTarget-impl.js:274:3)
        at HTMLUnknownElementImpl._dispatch (C:\Users\AZEEM\Desktop\textutils\node_modules\jsdom\lib\jsdom\living\events\EventTarget-impl.js:221:9)
        at HTMLUnknownElementImpl.dispatchEvent (C:\Users\AZEEM\Desktop\textutils\node_modules\jsdom\lib\jsdom\living\events\EventTarget-impl.js:94:17)
        at HTMLUnknownElement.dispatchEvent (C:\Users\AZEEM\Desktop\textutils\node_modules\jsdom\lib\jsdom\living\generated\EventTarget.js:231:34)
        at Object.invokeGuardedCallbackDev (C:\Users\AZEEM\Desktop\textutils\node_modules\react-dom\cjs\react-dom.development.js:4213:16)
        at invokeGuardedCallback (C:\Users\AZEEM\Desktop\textutils\node_modules\react-dom\cjs\react-dom.development.js:4277:31)
        at beginWork$1 (C:\Users\AZEEM\Desktop\textutils\node_modules\react-dom\cjs\react-dom.development.js:27490:7)
        at performUnitOfWork (C:\Users\AZEEM\Desktop\textutils\node_modules\react-dom\cjs\react-dom.development.js:26599:12)
        at workLoopSync (C:\Users\AZEEM\Desktop\textutils\node_modules\react-dom\cjs\react-dom.development.js:26505:5)
        at renderRootSync (C:\Users\AZEEM\Desktop\textutils\node_modules\react-dom\cjs\react-dom.development.js:26473:7)
        at performConcurrentWorkOnRoot (C:\Users\AZEEM\Desktop\textutils\node_modules\react-dom\cjs\react-dom.development.js:25777:74)
        at flushActQueue (C:\Users\AZEEM\Desktop\textutils\node_modules\react\cjs\react.development.js:2667:24)
        at act (C:\Users\AZEEM\Desktop\textutils\node_modules\react\cjs\react.development.js:2582:11)
        at actWithWarning (C:\Users\AZEEM\Desktop\textutils\node_modules\react-dom\cjs\react-dom-test-utils.development.js:1740:10)
        at C:\Users\AZEEM\Desktop\textutils\node_modules\@testing-library\react\dist\act-compat.js:63:25
        at renderRoot (C:\Users\AZEEM\Desktop\textutils\node_modules\@testing-library\react\dist\pure.js:159:26)
        at render (C:\Users\AZEEM\Desktop\textutils\node_modules\@testing-library\react\dist\pure.js:246:10)
        at Object.<anonymous> (C:\Users\AZEEM\Desktop\textutils\src\App.test.js:6:9)
        at Promise.then.completed (C:\Users\AZEEM\Desktop\textutils\node_modules\jest-circus\build\utils.js:391:28)
        at new Promise (<anonymous>)
        at callAsyncCircusFn (C:\Users\AZEEM\Desktop\textutils\node_modules\jest-circus\build\utils.js:316:10)
        at _callCircusTest (C:\Users\AZEEM\Desktop\textutils\node_modules\jest-circus\build\run.js:218:40)
        at _runTest (C:\Users\AZEEM\Desktop\textutils\node_modules\jest-circus\build\run.js:155:3)
        at _runTestsForDescribeBlock (C:\Users\AZEEM\Desktop\textutils\node_modules\jest-circus\build\run.js:66:9)
        at run (C:\Users\AZEEM\Desktop\textutils\node_modules\jest-circus\build\run.js:25:3)
        at runAndTransformResultsToJestFormat (C:\Users\AZEEM\Desktop\textutils\node_modules\jest-circus\build\legacy-code-todo-rewrite\jestAdapterInit.js:170:21)
        at jestAdapter (C:\Users\AZEEM\Desktop\textutils\node_modules\jest-circus\build\legacy-code-todo-rewrite\jestAdapter.js:82:19)
        at runTestInternal (C:\Users\AZEEM\Desktop\textutils\node_modules\jest-runner\build\runTest.js:389:16)
        at runTest (C:\Users\AZEEM\Desktop\textutils\node_modules\jest-runner\build\runTest.js:475:34)
        at TestRunner.runTests (C:\Users\AZEEM\Desktop\textutils\node_modules\jest-runner\build\index.js:101:12)
        at TestScheduler.scheduleTests (C:\Users\AZEEM\Desktop\textutils\node_modules\@jest\core\build\TestScheduler.js:333:13)
        at runJest (C:\Users\AZEEM\Desktop\textutils\node_modules\@jest\core\build\runJest.js:404:19)
        at _run10000 (C:\Users\AZEEM\Desktop\textutils\node_modules\@jest\core\build\cli\index.js:320:7)
        at runCLI (C:\Users\AZEEM\Desktop\textutils\node_modules\@jest\core\build\cli\index.js:173:3)
        at Object.run (C:\Users\AZEEM\Desktop\textutils\node_modules\jest-cli\build\cli\index.js:155:37)

    [0m [90m 4 |[39m
     [90m 5 |[39m test([32m'renders UpworkBold navbar brand'[39m[33m,[39m () [33m=>[39m {
    [31m[1m>[22m[39m[90m 6 |[39m   render(
     [90m   |[39m         [31m[1m^[22m[39m
     [90m 7 |[39m     [33m<[39m[33mBrowserRouter[39m[33m>[39m
     [90m 8 |[39m       [33m<[39m[33mApp[39m [33m/[39m[33m>[39m
     [90m 9 |[39m     [33m<[39m[33m/[39m[33mBrowserRouter[39m[33m>[39m[0m

      at VirtualConsole.<anonymous> (node_modules/jsdom/lib/jsdom/virtual-console.js:29:45)
      at reportException (node_modules/jsdom/lib/jsdom/living/helpers/runtime-script-errors.js:70:28)
      at innerInvokeEventListeners (node_modules/jsdom/lib/jsdom/living/events/EventTarget-impl.js:341:9)
      at invokeEventListeners (node_modules/jsdom/lib/jsdom/living/events/EventTarget-impl.js:274:3)
      at HTMLUnknownElementImpl._dispatch (node_modules/jsdom/lib/jsdom/living/events/EventTarget-impl.js:221:9)
      at HTMLUnknownElementImpl.dispatchEvent (node_modules/jsdom/lib/jsdom/living/events/EventTarget-impl.js:94:17)
      at HTMLUnknownElement.dispatchEvent (node_modules/jsdom/lib/jsdom/living/generated/EventTarget.js:231:34)
      at Object.invokeGuardedCallbackDev (node_modules/react-dom/cjs/react-dom.development.js:4213:16)
      at invokeGuardedCallback (node_modules/react-dom/cjs/react-dom.development.js:4277:31)
      at beginWork$1 (node_modules/react-dom/cjs/react-dom.development.js:27490:7)
      at performUnitOfWork (node_modules/react-dom/cjs/react-dom.development.js:26599:12)
      at workLoopSync (node_modules/react-dom/cjs/react-dom.development.js:26505:5)
      at renderRootSync (node_modules/react-dom/cjs/react-dom.development.js:26473:7)
      at performConcurrentWorkOnRoot (node_modules/react-dom/cjs/react-dom.development.js:25777:74)
      at flushActQueue (node_modules/react/cjs/react.development.js:2667:24)
      at act (node_modules/react/cjs/react.development.js:2582:11)
      at actWithWarning (node_modules/react-dom/cjs/react-dom-test-utils.development.js:1740:10)
      at node_modules/@testing-library/react/dist/act-compat.js:63:25
      at renderRoot (node_modules/@testing-library/react/dist/pure.js:159:26)
      at render (node_modules/@testing-library/react/dist/pure.js:246:10)
      at Object.<anonymous> (src/App.test.js:6:9)
      at TestScheduler.scheduleTests (node_modules/@jest/core/build/TestScheduler.js:333:13)
      at runJest (node_modules/@jest/core/build/runJest.js:404:19)
      at _run10000 (node_modules/@jest/core/build/cli/index.js:320:7)
      at runCLI (node_modules/@jest/core/build/cli/index.js:173:3)

  console.error
    Error: Uncaught [Error: You cannot render a <Router> inside another <Router>. You should never have more than one in your app.]
        at reportException (C:\Users\AZEEM\Desktop\textutils\node_modules\jsdom\lib\jsdom\living\helpers\runtime-script-errors.js:66:24)
        at innerInvokeEventListeners (C:\Users\AZEEM\Desktop\textutils\node_modules\jsdom\lib\jsdom\living\events\EventTarget-impl.js:341:9)
        at invokeEventListeners (C:\Users\AZEEM\Desktop\textutils\node_modules\jsdom\lib\jsdom\living\events\EventTarget-impl.js:274:3)
        at HTMLUnknownElementImpl._dispatch (C:\Users\AZEEM\Desktop\textutils\node_modules\jsdom\lib\jsdom\living\events\EventTarget-impl.js:221:9)
        at HTMLUnknownElementImpl.dispatchEvent (C:\Users\AZEEM\Desktop\textutils\node_modules\jsdom\lib\jsdom\living\events\EventTarget-impl.js:94:17)
        at HTMLUnknownElement.dispatchEvent (C:\Users\AZEEM\Desktop\textutils\node_modules\jsdom\lib\jsdom\living\generated\EventTarget.js:231:34)
        at Object.invokeGuardedCallbackDev (C:\Users\AZEEM\Desktop\textutils\node_modules\react-dom\cjs\react-dom.development.js:4213:16)
        at invokeGuardedCallback (C:\Users\AZEEM\Desktop\textutils\node_modules\react-dom\cjs\react-dom.development.js:4277:31)
        at beginWork$1 (C:\Users\AZEEM\Desktop\textutils\node_modules\react-dom\cjs\react-dom.development.js:27490:7)
        at performUnitOfWork (C:\Users\AZEEM\Desktop\textutils\node_modules\react-dom\cjs\react-dom.development.js:26599:12)
        at workLoopSync (C:\Users\AZEEM\Desktop\textutils\node_modules\react-dom\cjs\react-dom.development.js:26505:5)
        at renderRootSync (C:\Users\AZEEM\Desktop\textutils\node_modules\react-dom\cjs\react-dom.development.js:26473:7)
        at recoverFromConcurrentError (C:\Users\AZEEM\Desktop\textutils\node_modules\react-dom\cjs\react-dom.development.js:25889:20)
        at performConcurrentWorkOnRoot (C:\Users\AZEEM\Desktop\textutils\node_modules\react-dom\cjs\react-dom.development.js:25789:22)
        at flushActQueue (C:\Users\AZEEM\Desktop\textutils\node_modules\react\cjs\react.development.js:2667:24)
        at act (C:\Users\AZEEM\Desktop\textutils\node_modules\react\cjs\react.development.js:2582:11)
        at actWithWarning (C:\Users\AZEEM\Desktop\textutils\node_modules\react-dom\cjs\react-dom-test-utils.development.js:1740:10)
        at C:\Users\AZEEM\Desktop\textutils\node_modules\@testing-library\react\dist\act-compat.js:63:25
        at renderRoot (C:\Users\AZEEM\Desktop\textutils\node_modules\@testing-library\react\dist\pure.js:159:26)
        at render (C:\Users\AZEEM\Desktop\textutils\node_modules\@testing-library\react\dist\pure.js:246:10)
        at Object.<anonymous> (C:\Users\AZEEM\Desktop\textutils\src\App.test.js:6:9)
        at Promise.then.completed (C:\Users\AZEEM\Desktop\textutils\node_modules\jest-circus\build\utils.js:391:28)
        at new Promise (<anonymous>)
        at callAsyncCircusFn (C:\Users\AZEEM\Desktop\textutils\node_modules\jest-circus\build\utils.js:316:10)
        at _callCircusTest (C:\Users\AZEEM\Desktop\textutils\node_modules\jest-circus\build\run.js:218:40)
        at _runTest (C:\Users\AZEEM\Desktop\textutils\node_modules\jest-circus\build\run.js:155:3)
        at _runTestsForDescribeBlock (C:\Users\AZEEM\Desktop\textutils\node_modules\jest-circus\build\run.js:66:9)
        at run (C:\Users\AZEEM\Desktop\textutils\node_modules\jest-circus\build\run.js:25:3)
        at runAndTransformResultsToJestFormat (C:\Users\AZEEM\Desktop\textutils\node_modules\jest-circus\build\legacy-code-todo-rewrite\jestAdapterInit.js:170:21)
        at jestAdapter (C:\Users\AZEEM\Desktop\textutils\node_modules\jest-circus\build\legacy-code-todo-rewrite\jestAdapter.js:82:19)
        at runTestInternal (C:\Users\AZEEM\Desktop\textutils\node_modules\jest-runner\build\runTest.js:389:16)
        at runTest (C:\Users\AZEEM\Desktop\textutils\node_modules\jest-runner\build\runTest.js:475:34)
        at TestRunner.runTests (C:\Users\AZEEM\Desktop\textutils\node_modules\jest-runner\build\index.js:101:12)
        at TestScheduler.scheduleTests (C:\Users\AZEEM\Desktop\textutils\node_modules\@jest\core\build\TestScheduler.js:333:13)
        at runJest (C:\Users\AZEEM\Desktop\textutils\node_modules\@jest\core\build\runJest.js:404:19)
        at _run10000 (C:\Users\AZEEM\Desktop\textutils\node_modules\@jest\core\build\cli\index.js:320:7)
        at runCLI (C:\Users\AZEEM\Desktop\textutils\node_modules\@jest\core\build\cli\index.js:173:3)
        at Object.run (C:\Users\AZEEM\Desktop\textutils\node_modules\jest-cli\build\cli\index.js:155:37) Error: You cannot render a <Router> inside another <Router>. You should never have more than one in your app.
        at Object.invariant [as UNSAFE_invariant] (C:\Users\AZEEM\Desktop\textutils\node_modules\@remix-run\router\history.ts:494:11)
        at Router (C:\Users\AZEEM\Desktop\textutils\node_modules\react-router\lib\components.tsx:429:3)
        at renderWithHooks (C:\Users\AZEEM\Desktop\textutils\node_modules\react-dom\cjs\react-dom.development.js:15486:18)
        at mountIndeterminateComponent (C:\Users\AZEEM\Desktop\textutils\node_modules\react-dom\cjs\react-dom.development.js:20103:13)
        at beginWork (C:\Users\AZEEM\Desktop\textutils\node_modules\react-dom\cjs\react-dom.development.js:21626:16)
        at HTMLUnknownElement.callCallback (C:\Users\AZEEM\Desktop\textutils\node_modules\react-dom\cjs\react-dom.development.js:4164:14)
        at HTMLUnknownElement.callTheUserObjectsOperation (C:\Users\AZEEM\Desktop\textutils\node_modules\jsdom\lib\jsdom\living\generated\EventListener.js:26:30)
        at innerInvokeEventListeners (C:\Users\AZEEM\Desktop\textutils\node_modules\jsdom\lib\jsdom\living\events\EventTarget-impl.js:338:25)
        at invokeEventListeners (C:\Users\AZEEM\Desktop\textutils\node_modules\jsdom\lib\jsdom\living\events\EventTarget-impl.js:274:3)
        at HTMLUnknownElementImpl._dispatch (C:\Users\AZEEM\Desktop\textutils\node_modules\jsdom\lib\jsdom\living\events\EventTarget-impl.js:221:9)
        at HTMLUnknownElementImpl.dispatchEvent (C:\Users\AZEEM\Desktop\textutils\node_modules\jsdom\lib\jsdom\living\events\EventTarget-impl.js:94:17)
        at HTMLUnknownElement.dispatchEvent (C:\Users\AZEEM\Desktop\textutils\node_modules\jsdom\lib\jsdom\living\generated\EventTarget.js:231:34)
        at Object.invokeGuardedCallbackDev (C:\Users\AZEEM\Desktop\textutils\node_modules\react-dom\cjs\react-dom.development.js:4213:16)
        at invokeGuardedCallback (C:\Users\AZEEM\Desktop\textutils\node_modules\react-dom\cjs\react-dom.development.js:4277:31)
        at beginWork$1 (C:\Users\AZEEM\Desktop\textutils\node_modules\react-dom\cjs\react-dom.development.js:27490:7)
        at performUnitOfWork (C:\Users\AZEEM\Desktop\textutils\node_modules\react-dom\cjs\react-dom.development.js:26599:12)
        at workLoopSync (C:\Users\AZEEM\Desktop\textutils\node_modules\react-dom\cjs\react-dom.development.js:26505:5)
        at renderRootSync (C:\Users\AZEEM\Desktop\textutils\node_modules\react-dom\cjs\react-dom.development.js:26473:7)
        at recoverFromConcurrentError (C:\Users\AZEEM\Desktop\textutils\node_modules\react-dom\cjs\react-dom.development.js:25889:20)
        at performConcurrentWorkOnRoot (C:\Users\AZEEM\Desktop\textutils\node_modules\react-dom\cjs\react-dom.development.js:25789:22)
        at flushActQueue (C:\Users\AZEEM\Desktop\textutils\node_modules\react\cjs\react.development.js:2667:24)
        at act (C:\Users\AZEEM\Desktop\textutils\node_modules\react\cjs\react.development.js:2582:11)
        at actWithWarning (C:\Users\AZEEM\Desktop\textutils\node_modules\react-dom\cjs\react-dom-test-utils.development.js:1740:10)
        at C:\Users\AZEEM\Desktop\textutils\node_modules\@testing-library\react\dist\act-compat.js:63:25
        at renderRoot (C:\Users\AZEEM\Desktop\textutils\node_modules\@testing-library\react\dist\pure.js:159:26)
        at render (C:\Users\AZEEM\Desktop\textutils\node_modules\@testing-library\react\dist\pure.js:246:10)
        at Object.<anonymous> (C:\Users\AZEEM\Desktop\textutils\src\App.test.js:6:9)
        at Promise.then.completed (C:\Users\AZEEM\Desktop\textutils\node_modules\jest-circus\build\utils.js:391:28)
        at new Promise (<anonymous>)
        at callAsyncCircusFn (C:\Users\AZEEM\Desktop\textutils\node_modules\jest-circus\build\utils.js:316:10)
        at _callCircusTest (C:\Users\AZEEM\Desktop\textutils\node_modules\jest-circus\build\run.js:218:40)
        at _runTest (C:\Users\AZEEM\Desktop\textutils\node_modules\jest-circus\build\run.js:155:3)
        at _runTestsForDescribeBlock (C:\Users\AZEEM\Desktop\textutils\node_modules\jest-circus\build\run.js:66:9)
        at run (C:\Users\AZEEM\Desktop\textutils\node_modules\jest-circus\build\run.js:25:3)
        at runAndTransformResultsToJestFormat (C:\Users\AZEEM\Desktop\textutils\node_modules\jest-circus\build\legacy-code-todo-rewrite\jestAdapterInit.js:170:21)
        at jestAdapter (C:\Users\AZEEM\Desktop\textutils\node_modules\jest-circus\build\legacy-code-todo-rewrite\jestAdapter.js:82:19)
        at runTestInternal (C:\Users\AZEEM\Desktop\textutils\node_modules\jest-runner\build\runTest.js:389:16)
        at runTest (C:\Users\AZEEM\Desktop\textutils\node_modules\jest-runner\build\runTest.js:475:34)
        at TestRunner.runTests (C:\Users\AZEEM\Desktop\textutils\node_modules\jest-runner\build\index.js:101:12)
        at TestScheduler.scheduleTests (C:\Users\AZEEM\Desktop\textutils\node_modules\@jest\core\build\TestScheduler.js:333:13)
        at runJest (C:\Users\AZEEM\Desktop\textutils\node_modules\@jest\core\build\runJest.js:404:19)
        at _run10000 (C:\Users\AZEEM\Desktop\textutils\node_modules\@jest\core\build\cli\index.js:320:7)
        at runCLI (C:\Users\AZEEM\Desktop\textutils\node_modules\@jest\core\build\cli\index.js:173:3)
        at Object.run (C:\Users\AZEEM\Desktop\textutils\node_modules\jest-cli\build\cli\index.js:155:37)

    [0m [90m 4 |[39m
     [90m 5 |[39m test([32m'renders UpworkBold navbar brand'[39m[33m,[39m () [33m=>[39m {
    [31m[1m>[22m[39m[90m 6 |[39m   render(
     [90m   |[39m         [31m[1m^[22m[39m
     [90m 7 |[39m     [33m<[39m[33mBrowserRouter[39m[33m>[39m
     [90m 8 |[39m       [33m<[39m[33mApp[39m [33m/[39m[33m>[39m
     [90m 9 |[39m     [33m<[39m[33m/[39m[33mBrowserRouter[39m[33m>[39m[0m

      at VirtualConsole.<anonymous> (node_modules/jsdom/lib/jsdom/virtual-console.js:29:45)
      at reportException (node_modules/jsdom/lib/jsdom/living/helpers/runtime-script-errors.js:70:28)
      at innerInvokeEventListeners (node_modules/jsdom/lib/jsdom/living/events/EventTarget-impl.js:341:9)
      at invokeEventListeners (node_modules/jsdom/lib/jsdom/living/events/EventTarget-impl.js:274:3)
      at HTMLUnknownElementImpl._dispatch (node_modules/jsdom/lib/jsdom/living/events/EventTarget-impl.js:221:9)
      at HTMLUnknownElementImpl.dispatchEvent (node_modules/jsdom/lib/jsdom/living/events/EventTarget-impl.js:94:17)
      at HTMLUnknownElement.dispatchEvent (node_modules/jsdom/lib/jsdom/living/generated/EventTarget.js:231:34)
      at Object.invokeGuardedCallbackDev (node_modules/react-dom/cjs/react-dom.development.js:4213:16)
      at invokeGuardedCallback (node_modules/react-dom/cjs/react-dom.development.js:4277:31)
      at beginWork$1 (node_modules/react-dom/cjs/react-dom.development.js:27490:7)
      at performUnitOfWork (node_modules/react-dom/cjs/react-dom.development.js:26599:12)
      at workLoopSync (node_modules/react-dom/cjs/react-dom.development.js:26505:5)
      at renderRootSync (node_modules/react-dom/cjs/react-dom.development.js:26473:7)
      at recoverFromConcurrentError (node_modules/react-dom/cjs/react-dom.development.js:25889:20)
      at performConcurrentWorkOnRoot (node_modules/react-dom/cjs/react-dom.development.js:25789:22)
      at flushActQueue (node_modules/react/cjs/react.development.js:2667:24)
      at act (node_modules/react/cjs/react.development.js:2582:11)
      at actWithWarning (node_modules/react-dom/cjs/react-dom-test-utils.development.js:1740:10)
      at node_modules/@testing-library/react/dist/act-compat.js:63:25
      at renderRoot (node_modules/@testing-library/react/dist/pure.js:159:26)
      at render (node_modules/@testing-library/react/dist/pure.js:246:10)
      at Object.<anonymous> (src/App.test.js:6:9)
      at TestScheduler.scheduleTests (node_modules/@jest/core/build/TestScheduler.js:333:13)
      at runJest (node_modules/@jest/core/build/runJest.js:404:19)
      at _run10000 (node_modules/@jest/core/build/cli/index.js:320:7)
      at runCLI (node_modules/@jest/core/build/cli/index.js:173:3)

  console.error
    The above error occurred in the <Router> component:
    
        at Router (C:\Users\AZEEM\Desktop\textutils\node_modules\react-router\lib\components.tsx:421:13)
        at BrowserRouter (C:\Users\AZEEM\Desktop\textutils\node_modules\react-router-dom\index.tsx:789:3)
        at App
        at Router (C:\Users\AZEEM\Desktop\textutils\node_modules\react-router\lib\components.tsx:421:13)
        at BrowserRouter (C:\Users\AZEEM\Desktop\textutils\node_modules\react-router-dom\index.tsx:789:3)
    
    Consider adding an error boundary to your tree to customize error handling behavior.
    Visit https://reactjs.org/link/error-boundaries to learn more about error boundaries.

    [0m [90m 4 |[39m
     [90m 5 |[39m test([32m'renders UpworkBold navbar brand'[39m[33m,[39m () [33m=>[39m {
    [31m[1m>[22m[39m[90m 6 |[39m   render(
     [90m   |[39m         [31m[1m^[22m[39m
     [90m 7 |[39m     [33m<[39m[33mBrowserRouter[39m[33m>[39m
     [90m 8 |[39m       [33m<[39m[33mApp[39m [33m/[39m[33m>[39m
     [90m 9 |[39m     [33m<[39m[33m/[39m[33mBrowserRouter[39m[33m>[39m[0m

      at logCapturedError (node_modules/react-dom/cjs/react-dom.development.js:18704:23)
      at update.callback (node_modules/react-dom/cjs/react-dom.development.js:18737:5)
      at callCallback (node_modules/react-dom/cjs/react-dom.development.js:15036:12)
      at commitUpdateQueue (node_modules/react-dom/cjs/react-dom.development.js:15057:9)
      at commitLayoutEffectOnFiber (node_modules/react-dom/cjs/react-dom.development.js:23430:13)
      at commitLayoutMountEffects_complete (node_modules/react-dom/cjs/react-dom.development.js:24727:9)
      at commitLayoutEffects_begin (node_modules/react-dom/cjs/react-dom.development.js:24713:7)
      at commitLayoutEffects (node_modules/react-dom/cjs/react-dom.development.js:24651:3)
      at commitRootImpl (node_modules/react-dom/cjs/react-dom.development.js:26862:5)
      at commitRoot (node_modules/react-dom/cjs/react-dom.development.js:26721:5)
      at finishConcurrentRender (node_modules/react-dom/cjs/react-dom.development.js:25931:9)
      at performConcurrentWorkOnRoot (node_modules/react-dom/cjs/react-dom.development.js:25848:7)
      at flushActQueue (node_modules/react/cjs/react.development.js:2667:24)
      at act (node_modules/react/cjs/react.development.js:2582:11)
      at actWithWarning (node_modules/react-dom/cjs/react-dom-test-utils.development.js:1740:10)
      at node_modules/@testing-library/react/dist/act-compat.js:63:25
      at renderRoot (node_modules/@testing-library/react/dist/pure.js:159:26)
      at render (node_modules/@testing-library/react/dist/pure.js:246:10)
      at Object.<anonymous> (src/App.test.js:6:9)
      at TestScheduler.scheduleTests (node_modules/@jest/core/build/TestScheduler.js:333:13)
      at runJest (node_modules/@jest/core/build/runJest.js:404:19)
      at _run10000 (node_modules/@jest/core/build/cli/index.js:320:7)
      at runCLI (node_modules/@jest/core/build/cli/index.js:173:3)

node.exe : FAIL src/App.test.js
At line:1 char:1
+ & "C:\Program 
Files\nodejs/node.exe" 
"C:\Users\AZEEM\AppData\Roaming\ ...
+ ~~~~~~~~~~~~~~~~~~~~~~~~~~~~~~~~~~~
~~~~~~~~~~~~~~~~~~~~~~~~~~~~~~~~~~
    + CategoryInfo          : NotSpe 
   cified: (FAIL src/App.test.js:St  
  ring) [], RemoteException
    + FullyQualifiedErrorId : Native 
   CommandError
 
  ├ù renders UpworkBold navbar brand 
(254 ms)

  ΓùÅ renders UpworkBold navbar brand

    You cannot render a <Router> 
inside another <Router>. You should 
never have more than one in your app.

    [0m [90m 4 |[39m
     [90m 5 |[39m 
test([32m'renders UpworkBold navbar 
brand'[39m[33m,[39m () 
[33m=>[39m {
    [31m[1m>[22m[39m[90m 6 
|[39m   render(
     [90m   |[39m         
[31m[1m^[22m[39m
     [90m 7 |[39m     [33m<[39m[
33mBrowserRouter[39m[33m>[39m
     [90m 8 |[39m       
[33m<[39m[33mApp[39m 
[33m/[39m[33m>[39m
     [90m 9 |[39m     [33m<[39m[
33m/[39m[33mBrowserRouter[39m[33m
>[39m[0m

      at Object.invariant [as 
UNSAFE_invariant] (node_modules/@remi
x-run/router/history.ts:494:11)
      at Router (node_modules/react-r
outer/lib/components.tsx:429:3)
      at renderWithHooks (node_module
s/react-dom/cjs/react-dom.development
.js:15486:18)
      at mountIndeterminateComponent 
(node_modules/react-dom/cjs/react-dom
.development.js:20103:13)
      at beginWork (node_modules/reac
t-dom/cjs/react-dom.development.js:21
626:16)
      at beginWork$1 (node_modules/re
act-dom/cjs/react-dom.development.js:
27465:14)
      at performUnitOfWork (node_modu
les/react-dom/cjs/react-dom.developme
nt.js:26599:12)
      at workLoopSync (node_modules/r
eact-dom/cjs/react-dom.development.js
:26505:5)
      at renderRootSync (node_modules
/react-dom/cjs/react-dom.development.
js:26473:7)
      at recoverFromConcurrentError (
node_modules/react-dom/cjs/react-dom.
development.js:25889:20)
      at performConcurrentWorkOnRoot 
(node_modules/react-dom/cjs/react-dom
.development.js:25789:22)
      at flushActQueue (node_modules/
react/cjs/react.development.js:2667:2
4)
      at act (node_modules/react/cjs/
react.development.js:2582:11)
      at actWithWarning (node_modules
/react-dom/cjs/react-dom-test-utils.d
evelopment.js:1740:10)
      at node_modules/@testing-librar
y/react/dist/act-compat.js:63:25
      at renderRoot (node_modules/@te
sting-library/react/dist/pure.js:159:
26)
      at render (node_modules/@testin
g-library/react/dist/pure.js:246:10)
      at Object.<anonymous> 
(src/App.test.js:6:9)
      at TestScheduler.scheduleTests 
(node_modules/@jest/core/build/TestSc
heduler.js:333:13)
      at runJest (node_modules/@jest/
core/build/runJest.js:404:19)
      at _run10000 (node_modules/@jes
t/core/build/cli/index.js:320:7)
      at runCLI (node_modules/@jest/c
ore/build/cli/index.js:173:3)

Test Suites: 1 failed, 1 total
Tests:       1 failed, 1 total
Snapshots:   0 total
Time:        2.599 s
Ran all test suites.
